// Jest Snapshot v1, https://goo.gl/fbAQLP

exports[`MODAL COMPONENT snapshot correctly 1`] = `
<Modal>
  <ModalContent
    result="SUCCESS"
  >
    <ModalClose
      onClick={[MockFunction]}
    >
      Ã—
    </ModalClose>
    <strong>
      test
    </strong>
  </ModalContent>
</Modal>
`;
