// Jest Snapshot v1, https://goo.gl/fbAQLP

exports[`LINECHART COMPONENT snapchat correctly 1`] = `
<svg
  height={200}
  width={400}
  x="-10.5em"
  y="1.5em"
>
  <ChartPath
    color="none"
    data={
      Array [
        Object {
          "id": 1,
          "value": 1.1,
        },
        Object {
          "id": 2,
          "value": 2.2,
        },
        Object {
          "id": 3,
          "value": 1.8,
        },
        Object {
          "id": 4,
          "value": 3.2,
        },
        Object {
          "id": 5,
          "value": 2.5,
        },
        Object {
          "id": 6,
          "value": 5.2,
        },
        Object {
          "id": 7,
          "value": 4.6,
        },
        Object {
          "id": 8,
          "value": 6.3,
        },
        Object {
          "id": 9,
          "value": 4.8,
        },
      ]
    }
    height={200}
    margin={1}
    radius={130}
    strokeColor="black"
    type="line"
    width={400}
  />
</svg>
`;
