// Jest Snapshot v1, https://goo.gl/fbAQLP

exports[`CHARTDETAIL COMPONENT snapchat correctly 1`] = `
<div>
  <h2>
    Tablet
  </h2>
  <div>
    <p>
      60
      %
    </p>
    <p
      type="value"
    />
  </div>
</div>
`;
